################################################################################
# rebasing basics - update starting point for branch
################################################################################
njwbu@DESKTOP-UKO6PO2 MINGW64 /e/git/projects/starter-web (master)
$ git checkout -b myfeature
Switched to a new branch 'myfeature'

njwbu@DESKTOP-UKO6PO2 MINGW64 /e/git/projects/starter-web (myfeature)
$ npp humans.txt

njwbu@DESKTOP-UKO6PO2 MINGW64 /e/git/projects/starter-web (myfeature)
$ git commit -am "updated thanks section in humans.txt"
[myfeature d07ec1d] updated thanks section in humans.txt
 1 file changed, 2 insertions(+), 1 deletion(-)

njwbu@DESKTOP-UKO6PO2 MINGW64 /e/git/projects/starter-web (myfeature)
$ git checkout master
Switched to branch 'master'
Your branch is up to date with 'origin/master'.

njwbu@DESKTOP-UKO6PO2 MINGW64 /e/git/projects/starter-web (master)
$ npp README.md

njwbu@DESKTOP-UKO6PO2 MINGW64 /e/git/projects/starter-web (master)
$ git commit -am "updating readme from master to test repasing"
[master 0dffbd6] updating readme from master to test repasing
 1 file changed, 4 insertions(+), 1 deletion(-)

njwbu@DESKTOP-UKO6PO2 MINGW64 /e/git/projects/starter-web (master)
$ git log --oneline --graph --decorate
* 0dffbd6 (HEAD -> master) updating readme from master to test repasing
* 1309c16 (origin/master, origin/HEAD) updating .gitignore to excplude merge temp files
*   d391c0e fixing merge conflicts
|\
| * c53a9b0 making changes to simple.html
* | 5593c92 conflicting changes test
|/
*   39aa2b6 Merging changes from simple-changes branch
|\
| * fa76ce8 fixed spacing
* | cbfcdde fixed intro in readme
|/
* db808f3 Adding Noah to humans.txt
*   bfa4a3f Merge branch 'add-copyright'
|\
| * 3f6c917 adding copyright notice to readme
| * d3be850 adding copyright notice to simple.html
|/
* deb34f7 Changed title of simple.html
* 6fed407 added deployment section
* c11362c added readme
* 67d9515 adding this thing
* 5a898e9 addign gitignore file
* e17da00 deleting lvl1 and all children
* d2da79e deleted hipsumco.txt test file
* b0df0e1 deleting newfile.txt
* 024506e renaming lvl1 file
* 14290b5 moving the file back to lvl2
* 7b67d6f moving file from lvl2 to lvl3
* 8454170 renamed lvl2 file
* 76db7c2 renaming lvl3 file to lvl3-file
* 902bf57 recursive file add test
* 396ccfa more ipsum stuff
* 270fc05 adding "newfile.txt"
* bd7543d adding more ipsum text
* 4f77a10 first commit to new web project
*   4beb7f0 Merge pull request #6 from jasongtaylor/feature-readme
|\
| * e73f914 Adding Purpose section to README
| * 34f563b Adding README file
|/
* 5c05047 Copying files from initializr project zip file and then creating simple.html as basis for super simple pages

njwbu@DESKTOP-UKO6PO2 MINGW64 /e/git/projects/starter-web (master)
$ git branch
* master
  myfeature

njwbu@DESKTOP-UKO6PO2 MINGW64 /e/git/projects/starter-web (master)
$ git checkout myfeature
Switched to branch 'myfeature'

njwbu@DESKTOP-UKO6PO2 MINGW64 /e/git/projects/starter-web (myfeature)
$ git status
On branch myfeature
nothing to commit, working tree clean

njwbu@DESKTOP-UKO6PO2 MINGW64 /e/git/projects/starter-web (myfeature)
$ git log --oneline --graph --decorate --all
* 0dffbd6 (master) updating readme from master to test repasing
| * d07ec1d (HEAD -> myfeature) updated thanks section in humans.txt
|/
* 1309c16 (origin/master, origin/HEAD) updating .gitignore to excplude merge temp files
*   d391c0e fixing merge conflicts
|\
| * c53a9b0 making changes to simple.html
* | 5593c92 conflicting changes test
|/
*   39aa2b6 Merging changes from simple-changes branch
|\
| * fa76ce8 fixed spacing
* | cbfcdde fixed intro in readme
|/
* db808f3 Adding Noah to humans.txt
*   bfa4a3f Merge branch 'add-copyright'
|\
| * 3f6c917 adding copyright notice to readme
| * d3be850 adding copyright notice to simple.html
|/
* deb34f7 Changed title of simple.html
* 6fed407 added deployment section
* c11362c added readme
* 67d9515 adding this thing
* 5a898e9 addign gitignore file
* e17da00 deleting lvl1 and all children
* d2da79e deleted hipsumco.txt test file
* b0df0e1 deleting newfile.txt
* 024506e renaming lvl1 file
* 14290b5 moving the file back to lvl2
* 7b67d6f moving file from lvl2 to lvl3
* 8454170 renamed lvl2 file
* 76db7c2 renaming lvl3 file to lvl3-file
* 902bf57 recursive file add test
* 396ccfa more ipsum stuff
* 270fc05 adding "newfile.txt"
* bd7543d adding more ipsum text
* 4f77a10 first commit to new web project
*   4beb7f0 Merge pull request #6 from jasongtaylor/feature-readme
|\
| * e73f914 Adding Purpose section to README
| * 34f563b Adding README file
|/
* 5c05047 Copying files from initializr project zip file and then creating simple.html as basis for super simple pages

njwbu@DESKTOP-UKO6PO2 MINGW64 /e/git/projects/starter-web (myfeature)
$ git rebase master
Successfully rebased and updated refs/heads/myfeature.

njwbu@DESKTOP-UKO6PO2 MINGW64 /e/git/projects/starter-web (myfeature)
$ git log --oneline --graph --decorate --all
* 62788a3 (HEAD -> myfeature) updated thanks section in humans.txt
* 0dffbd6 (master) updating readme from master to test repasing
* 1309c16 (origin/master, origin/HEAD) updating .gitignore to excplude merge temp files
*   d391c0e fixing merge conflicts
|\
| * c53a9b0 making changes to simple.html
* | 5593c92 conflicting changes test
|/
*   39aa2b6 Merging changes from simple-changes branch
|\
| * fa76ce8 fixed spacing
* | cbfcdde fixed intro in readme
|/
* db808f3 Adding Noah to humans.txt
*   bfa4a3f Merge branch 'add-copyright'
|\
| * 3f6c917 adding copyright notice to readme
| * d3be850 adding copyright notice to simple.html
|/
* deb34f7 Changed title of simple.html
* 6fed407 added deployment section
* c11362c added readme
* 67d9515 adding this thing
* 5a898e9 addign gitignore file
* e17da00 deleting lvl1 and all children
* d2da79e deleted hipsumco.txt test file
* b0df0e1 deleting newfile.txt
* 024506e renaming lvl1 file
* 14290b5 moving the file back to lvl2
* 7b67d6f moving file from lvl2 to lvl3
* 8454170 renamed lvl2 file
* 76db7c2 renaming lvl3 file to lvl3-file
* 902bf57 recursive file add test
* 396ccfa more ipsum stuff
* 270fc05 adding "newfile.txt"
* bd7543d adding more ipsum text
* 4f77a10 first commit to new web project
*   4beb7f0 Merge pull request #6 from jasongtaylor/feature-readme
|\
| * e73f914 Adding Purpose section to README
| * 34f563b Adding README file
|/
* 5c05047 Copying files from initializr project zip file and then creating simple.html as basis for super simple pages

njwbu@DESKTOP-UKO6PO2 MINGW64 /e/git/projects/starter-web (myfeature)
$ npp README.md

njwbu@DESKTOP-UKO6PO2 MINGW64 /e/git/projects/starter-web (myfeature)
$ git commit -am "more rebasing changes"
[myfeature 5efa380] more rebasing changes
 1 file changed, 2 insertions(+), 2 deletions(-)

njwbu@DESKTOP-UKO6PO2 MINGW64 /e/git/projects/starter-web (myfeature)
$ git checkout master
Switched to branch 'master'
Your branch is ahead of 'origin/master' by 1 commit.
  (use "git push" to publish your local commits)

njwbu@DESKTOP-UKO6PO2 MINGW64 /e/git/projects/starter-web (master)
$ git log --oneline --graph --decorate --all
* 5efa380 (myfeature) more rebasing changes
* 62788a3 updated thanks section in humans.txt
* 0dffbd6 (HEAD -> master) updating readme from master to test repasing
* 1309c16 (origin/master, origin/HEAD) updating .gitignore to excplude merge temp files
*   d391c0e fixing merge conflicts
|\
| * c53a9b0 making changes to simple.html
* | 5593c92 conflicting changes test
|/
*   39aa2b6 Merging changes from simple-changes branch
|\
| * fa76ce8 fixed spacing
* | cbfcdde fixed intro in readme
|/
* db808f3 Adding Noah to humans.txt
*   bfa4a3f Merge branch 'add-copyright'
|\
| * 3f6c917 adding copyright notice to readme
| * d3be850 adding copyright notice to simple.html
|/
* deb34f7 Changed title of simple.html
* 6fed407 added deployment section
* c11362c added readme
* 67d9515 adding this thing
* 5a898e9 addign gitignore file
* e17da00 deleting lvl1 and all children
* d2da79e deleted hipsumco.txt test file
* b0df0e1 deleting newfile.txt
* 024506e renaming lvl1 file
* 14290b5 moving the file back to lvl2
* 7b67d6f moving file from lvl2 to lvl3
* 8454170 renamed lvl2 file
* 76db7c2 renaming lvl3 file to lvl3-file
* 902bf57 recursive file add test
* 396ccfa more ipsum stuff
* 270fc05 adding "newfile.txt"
* bd7543d adding more ipsum text
* 4f77a10 first commit to new web project
*   4beb7f0 Merge pull request #6 from jasongtaylor/feature-readme
|\
| * e73f914 Adding Purpose section to README
| * 34f563b Adding README file
|/
* 5c05047 Copying files from initializr project zip file and then creating simple.html as basis for super simple pages

njwbu@DESKTOP-UKO6PO2 MINGW64 /e/git/projects/starter-web (master)
$ git diff master myfeature
diff --git a/README.md b/README.md
index c2593ae..ea19574 100644
--- a/README.md
+++ b/README.md
@@ -17,5 +17,5 @@ please fork then issue pull request for review
 ###Copyright
 git training copyright text

-
-##Rebasing
\ No newline at end of file
+##Rebasing
+now editing from myfeature branch
\ No newline at end of file
diff --git a/humans.txt b/humans.txt
index bdc6f10..82bef30 100644
--- a/humans.txt
+++ b/humans.txt
@@ -9,7 +9,8 @@
 # THANKS

     <name>
-
+       thanks to everyone
+
 # TECHNOLOGY COLOPHON

     HTML5, CSS3

njwbu@DESKTOP-UKO6PO2 MINGW64 /e/git/projects/starter-web (master)
$ git merge myfeature
Updating 0dffbd6..5efa380
Fast-forward
 README.md  | 4 ++--
 humans.txt | 3 ++-
 2 files changed, 4 insertions(+), 3 deletions(-)

njwbu@DESKTOP-UKO6PO2 MINGW64 /e/git/projects/starter-web (master)
$ git log --oneline --graph --decorate --all
* 5efa380 (HEAD -> master, myfeature) more rebasing changes
* 62788a3 updated thanks section in humans.txt
* 0dffbd6 updating readme from master to test repasing
* 1309c16 (origin/master, origin/HEAD) updating .gitignore to excplude merge temp files
*   d391c0e fixing merge conflicts
|\
| * c53a9b0 making changes to simple.html
* | 5593c92 conflicting changes test
|/
*   39aa2b6 Merging changes from simple-changes branch
|\
| * fa76ce8 fixed spacing
* | cbfcdde fixed intro in readme
|/
* db808f3 Adding Noah to humans.txt
*   bfa4a3f Merge branch 'add-copyright'
|\
| * 3f6c917 adding copyright notice to readme
| * d3be850 adding copyright notice to simple.html
|/
* deb34f7 Changed title of simple.html
* 6fed407 added deployment section
* c11362c added readme
* 67d9515 adding this thing
* 5a898e9 addign gitignore file
* e17da00 deleting lvl1 and all children
* d2da79e deleted hipsumco.txt test file
* b0df0e1 deleting newfile.txt
* 024506e renaming lvl1 file
* 14290b5 moving the file back to lvl2
* 7b67d6f moving file from lvl2 to lvl3
* 8454170 renamed lvl2 file
* 76db7c2 renaming lvl3 file to lvl3-file
* 902bf57 recursive file add test
* 396ccfa more ipsum stuff
* 270fc05 adding "newfile.txt"
* bd7543d adding more ipsum text
* 4f77a10 first commit to new web project
*   4beb7f0 Merge pull request #6 from jasongtaylor/feature-readme
|\
| * e73f914 Adding Purpose section to README
| * 34f563b Adding README file
|/
* 5c05047 Copying files from initializr project zip file and then creating simple.html as basis for super simple pages

njwbu@DESKTOP-UKO6PO2 MINGW64 /e/git/projects/starter-web (master)
$ git branch -d myfeature
Deleted branch myfeature (was 5efa380).

################################################################################
# rebasing conflicts - abort rebase
################################################################################
njwbu@DESKTOP-UKO6PO2 MINGW64 /e/git/projects/starter-web (master)
$ git status
On branch master
Your branch is ahead of 'origin/master' by 3 commits.
  (use "git push" to publish your local commits)

nothing to commit, working tree clean

njwbu@DESKTOP-UKO6PO2 MINGW64 /e/git/projects/starter-web (master)
$ ls
404.html                          crossdomain.xml  favicon.ico  humans.txt  js/   myfile.txt  robots.txt   simple.html.orig
apple-touch-icon-precomposed.png  css/             fonts/       index.html  log/  README.md   simple.html

njwbu@DESKTOP-UKO6PO2 MINGW64 /e/git/projects/starter-web (master)
$ npp simple.html

njwbu@DESKTOP-UKO6PO2 MINGW64 /e/git/projects/starter-web (master)
$ git commit -am "master branch before rebasing conflicts"
warning: CRLF will be replaced by LF in simple.html.
The file will have its original line endings in your working directory
[master c0ff015] master branch before rebasing conflicts
 1 file changed, 1 insertion(+)

njwbu@DESKTOP-UKO6PO2 MINGW64 /e/git/projects/starter-web (master)
$ git checkout -b big-trouble
Switched to a new branch 'big-trouble'

njwbu@DESKTOP-UKO6PO2 MINGW64 /e/git/projects/starter-web (big-trouble)
$ npp simple.html

njwbu@DESKTOP-UKO6PO2 MINGW64 /e/git/projects/starter-web (big-trouble)
$ git commit -am "changes made in big-trouble branch"
warning: CRLF will be replaced by LF in simple.html.
The file will have its original line endings in your working directory
[big-trouble efb3bff] changes made in big-trouble branch
 1 file changed, 2 insertions(+)

njwbu@DESKTOP-UKO6PO2 MINGW64 /e/git/projects/starter-web (big-trouble)
$ git checkout master
Switched to branch 'master'
Your branch is ahead of 'origin/master' by 4 commits.
  (use "git push" to publish your local commits)

njwbu@DESKTOP-UKO6PO2 MINGW64 /e/git/projects/starter-web (master)
$ npp simple.html

njwbu@DESKTOP-UKO6PO2 MINGW64 /e/git/projects/starter-web (master)
$ git commit -am "more master branch commits"
[master 519221b] more master branch commits
 1 file changed, 1 insertion(+)

njwbu@DESKTOP-UKO6PO2 MINGW64 /e/git/projects/starter-web (master)
$ git status
On branch master
Your branch is ahead of 'origin/master' by 5 commits.
  (use "git push" to publish your local commits)

nothing to commit, working tree clean

njwbu@DESKTOP-UKO6PO2 MINGW64 /e/git/projects/starter-web (master)
$ got log --oneline --graph --decorate --all
bash: got: command not found

njwbu@DESKTOP-UKO6PO2 MINGW64 /e/git/projects/starter-web (master)
$ git log --oneline --graph --decorate --all
* 519221b (HEAD -> master) more master branch commits
| * efb3bff (big-trouble) changes made in big-trouble branch
|/
* c0ff015 master branch before rebasing conflicts
* 5efa380 more rebasing changes
* 62788a3 updated thanks section in humans.txt
* 0dffbd6 updating readme from master to test repasing
* 1309c16 (origin/master, origin/HEAD) updating .gitignore to excplude merge temp files
*   d391c0e fixing merge conflicts
|\
| * c53a9b0 making changes to simple.html
* | 5593c92 conflicting changes test
|/
*   39aa2b6 Merging changes from simple-changes branch
|\
| * fa76ce8 fixed spacing
* | cbfcdde fixed intro in readme
|/
* db808f3 Adding Noah to humans.txt
*   bfa4a3f Merge branch 'add-copyright'
|\
| * 3f6c917 adding copyright notice to readme
| * d3be850 adding copyright notice to simple.html
|/
* deb34f7 Changed title of simple.html
* 6fed407 added deployment section
* c11362c added readme
* 67d9515 adding this thing
* 5a898e9 addign gitignore file
* e17da00 deleting lvl1 and all children
* d2da79e deleted hipsumco.txt test file
* b0df0e1 deleting newfile.txt
* 024506e renaming lvl1 file
* 14290b5 moving the file back to lvl2
* 7b67d6f moving file from lvl2 to lvl3
* 8454170 renamed lvl2 file
* 76db7c2 renaming lvl3 file to lvl3-file
* 902bf57 recursive file add test
* 396ccfa more ipsum stuff
* 270fc05 adding "newfile.txt"
* bd7543d adding more ipsum text
* 4f77a10 first commit to new web project
*   4beb7f0 Merge pull request #6 from jasongtaylor/feature-readme
|\
| * e73f914 Adding Purpose section to README
| * 34f563b Adding README file
|/
* 5c05047 Copying files from initializr project zip file and then creating simple.html as basis for super simple pages

njwbu@DESKTOP-UKO6PO2 MINGW64 /e/git/projects/starter-web (master)
$ git checkout big-trouble
Switched to branch 'big-trouble'

njwbu@DESKTOP-UKO6PO2 MINGW64 /e/git/projects/starter-web (big-trouble)
$ git difftool master big-trouble

njwbu@DESKTOP-UKO6PO2 MINGW64 /e/git/projects/starter-web (big-trouble)
$ git rebase master
error: could not apply efb3bff... changes made in big-trouble branch
Resolve all conflicts manually, mark them as resolved with
"git add/rm <conflicted_files>", then run "git rebase --continue".
You can instead skip this commit: run "git rebase --skip".
To abort and get back to the state before "git rebase", run "git rebase --abort".
Could not apply efb3bff... changes made in big-trouble branch
Auto-merging simple.html
CONFLICT (content): Merge conflict in simple.html

njwbu@DESKTOP-UKO6PO2 MINGW64 /e/git/projects/starter-web (big-trouble|REBASE 1/1)
$ git rebase --abort

njwbu@DESKTOP-UKO6PO2 MINGW64 /e/git/projects/starter-web (big-trouble)
$ git status
On branch big-trouble
nothing to commit, working tree clean

njwbu@DESKTOP-UKO6PO2 MINGW64 /e/git/projects/starter-web (big-trouble)
$ git log --oneline --graph --decorate --all
* 519221b (master) more master branch commits
| * efb3bff (HEAD -> big-trouble) changes made in big-trouble branch
|/
* c0ff015 master branch before rebasing conflicts
* 5efa380 more rebasing changes
* 62788a3 updated thanks section in humans.txt
* 0dffbd6 updating readme from master to test repasing
* 1309c16 (origin/master, origin/HEAD) updating .gitignore to excplude merge temp files
*   d391c0e fixing merge conflicts
|\
| * c53a9b0 making changes to simple.html
* | 5593c92 conflicting changes test
|/
*   39aa2b6 Merging changes from simple-changes branch
|\
| * fa76ce8 fixed spacing
* | cbfcdde fixed intro in readme
|/
* db808f3 Adding Noah to humans.txt
*   bfa4a3f Merge branch 'add-copyright'
|\
| * 3f6c917 adding copyright notice to readme
| * d3be850 adding copyright notice to simple.html
|/
* deb34f7 Changed title of simple.html
* 6fed407 added deployment section
* c11362c added readme
* 67d9515 adding this thing
* 5a898e9 addign gitignore file
* e17da00 deleting lvl1 and all children
* d2da79e deleted hipsumco.txt test file
* b0df0e1 deleting newfile.txt
* 024506e renaming lvl1 file
* 14290b5 moving the file back to lvl2
* 7b67d6f moving file from lvl2 to lvl3
* 8454170 renamed lvl2 file
* 76db7c2 renaming lvl3 file to lvl3-file
* 902bf57 recursive file add test
* 396ccfa more ipsum stuff
* 270fc05 adding "newfile.txt"
* bd7543d adding more ipsum text
* 4f77a10 first commit to new web project
*   4beb7f0 Merge pull request #6 from jasongtaylor/feature-readme
|\
| * e73f914 Adding Purpose section to README
| * 34f563b Adding README file
|/
* 5c05047 Copying files from initializr project zip file and then creating simple.html as basis for super simple pages

################################################################################
# rebasing conflicts - resolve with merge tool
################################################################################
njwbu@DESKTOP-UKO6PO2 MINGW64 /e/git/projects/starter-web (big-trouble)
$ git rebase master
error: could not apply efb3bff... changes made in big-trouble branch
Resolve all conflicts manually, mark them as resolved with
"git add/rm <conflicted_files>", then run "git rebase --continue".
You can instead skip this commit: run "git rebase --skip".
To abort and get back to the state before "git rebase", run "git rebase --abort".
Could not apply efb3bff... changes made in big-trouble branch
Auto-merging simple.html
CONFLICT (content): Merge conflict in simple.html

njwbu@DESKTOP-UKO6PO2 MINGW64 /e/git/projects/starter-web (big-trouble|REBASE 1/1)
$ git mergetool
Merging:
simple.html

Normal merge conflict for 'simple.html':
  {local}: modified file
  {remote}: modified file
warning: CRLF will be replaced by LF in simple.html.
The file will have its original line endings in your working directory

njwbu@DESKTOP-UKO6PO2 MINGW64 /e/git/projects/starter-web (big-trouble|REBASE 1/1)
$ git status
interactive rebase in progress; onto 519221b
Last command done (1 command done):
   pick efb3bff changes made in big-trouble branch
No commands remaining.
You are currently rebasing branch 'big-trouble' on '519221b'.
  (all conflicts fixed: run "git rebase --continue")

Changes to be committed:
  (use "git restore --staged <file>..." to unstage)
        modified:   simple.html


njwbu@DESKTOP-UKO6PO2 MINGW64 /e/git/projects/starter-web (big-trouble|REBASE 1/1)
$ git add simple.html

njwbu@DESKTOP-UKO6PO2 MINGW64 /e/git/projects/starter-web (big-trouble|REBASE 1/1)
$ git rebase --continue
[detached HEAD 05f177d] changes made in big-trouble branch
 1 file changed, 1 insertion(+), 1 deletion(-)
Successfully rebased and updated refs/heads/big-trouble.

njwbu@DESKTOP-UKO6PO2 MINGW64 /e/git/projects/starter-web (big-trouble)
$ git log --oneline --graph --decorate --all
* 05f177d (HEAD -> big-trouble) changes made in big-trouble branch
* 519221b (master) more master branch commits
* c0ff015 master branch before rebasing conflicts
* 5efa380 more rebasing changes
* 62788a3 updated thanks section in humans.txt
* 0dffbd6 updating readme from master to test repasing
* 1309c16 (origin/master, origin/HEAD) updating .gitignore to excplude merge temp files
*   d391c0e fixing merge conflicts
|\
| * c53a9b0 making changes to simple.html
* | 5593c92 conflicting changes test
|/
*   39aa2b6 Merging changes from simple-changes branch
|\
| * fa76ce8 fixed spacing
* | cbfcdde fixed intro in readme
|/
* db808f3 Adding Noah to humans.txt
*   bfa4a3f Merge branch 'add-copyright'
|\
| * 3f6c917 adding copyright notice to readme
| * d3be850 adding copyright notice to simple.html
|/
* deb34f7 Changed title of simple.html
* 6fed407 added deployment section
* c11362c added readme
* 67d9515 adding this thing
* 5a898e9 addign gitignore file
* e17da00 deleting lvl1 and all children
* d2da79e deleted hipsumco.txt test file
* b0df0e1 deleting newfile.txt
* 024506e renaming lvl1 file
* 14290b5 moving the file back to lvl2
* 7b67d6f moving file from lvl2 to lvl3
* 8454170 renamed lvl2 file
* 76db7c2 renaming lvl3 file to lvl3-file
* 902bf57 recursive file add test
* 396ccfa more ipsum stuff
* 270fc05 adding "newfile.txt"
* bd7543d adding more ipsum text
* 4f77a10 first commit to new web project
*   4beb7f0 Merge pull request #6 from jasongtaylor/feature-readme
|\
| * e73f914 Adding Purpose section to README
| * 34f563b Adding README file
|/
* 5c05047 Copying files from initializr project zip file and then creating simple.html as basis for super simple pages

njwbu@DESKTOP-UKO6PO2 MINGW64 /e/git/projects/starter-web (big-trouble)
$ npp simple.html

njwbu@DESKTOP-UKO6PO2 MINGW64 /e/git/projects/starter-web (big-trouble)
$ git commit -am "changes after rebasing conflict"
warning: CRLF will be replaced by LF in simple.html.
The file will have its original line endings in your working directory
[big-trouble 13afeab] changes after rebasing conflict
 1 file changed, 1 insertion(+), 1 deletion(-)

njwbu@DESKTOP-UKO6PO2 MINGW64 /e/git/projects/starter-web (big-trouble)
$ git log --oneline --graph --decorate --all
* 13afeab (HEAD -> big-trouble) changes after rebasing conflict
* 05f177d changes made in big-trouble branch
* 519221b (master) more master branch commits
* c0ff015 master branch before rebasing conflicts
* 5efa380 more rebasing changes
* 62788a3 updated thanks section in humans.txt
* 0dffbd6 updating readme from master to test repasing
* 1309c16 (origin/master, origin/HEAD) updating .gitignore to excplude merge temp files
*   d391c0e fixing merge conflicts
|\
| * c53a9b0 making changes to simple.html
* | 5593c92 conflicting changes test
|/
*   39aa2b6 Merging changes from simple-changes branch
|\
| * fa76ce8 fixed spacing
* | cbfcdde fixed intro in readme
|/
* db808f3 Adding Noah to humans.txt
*   bfa4a3f Merge branch 'add-copyright'
|\
| * 3f6c917 adding copyright notice to readme
| * d3be850 adding copyright notice to simple.html
|/
* deb34f7 Changed title of simple.html
* 6fed407 added deployment section
* c11362c added readme
* 67d9515 adding this thing
* 5a898e9 addign gitignore file
* e17da00 deleting lvl1 and all children
* d2da79e deleted hipsumco.txt test file
* b0df0e1 deleting newfile.txt
* 024506e renaming lvl1 file
* 14290b5 moving the file back to lvl2
* 7b67d6f moving file from lvl2 to lvl3
* 8454170 renamed lvl2 file
* 76db7c2 renaming lvl3 file to lvl3-file
* 902bf57 recursive file add test
* 396ccfa more ipsum stuff
* 270fc05 adding "newfile.txt"
* bd7543d adding more ipsum text
* 4f77a10 first commit to new web project
*   4beb7f0 Merge pull request #6 from jasongtaylor/feature-readme
|\
| * e73f914 Adding Purpose section to README
| * 34f563b Adding README file
|/
* 5c05047 Copying files from initializr project zip file and then creating simple.html as basis for super simple pages

njwbu@DESKTOP-UKO6PO2 MINGW64 /e/git/projects/starter-web (big-trouble)
$ git checkout master
Switched to branch 'master'
Your branch is ahead of 'origin/master' by 5 commits.
  (use "git push" to publish your local commits)

njwbu@DESKTOP-UKO6PO2 MINGW64 /e/git/projects/starter-web (master)
$ git merge big-trouble
Updating 519221b..13afeab
Fast-forward
 simple.html | 4 ++--
 1 file changed, 2 insertions(+), 2 deletions(-)

njwbu@DESKTOP-UKO6PO2 MINGW64 /e/git/projects/starter-web (master)
$ git status
On branch master
Your branch is ahead of 'origin/master' by 7 commits.
  (use "git push" to publish your local commits)

nothing to commit, working tree clean

njwbu@DESKTOP-UKO6PO2 MINGW64 /e/git/projects/starter-web (master)
$ git hist
* 13afeab (HEAD -> master, big-trouble) changes after rebasing conflict
* 05f177d changes made in big-trouble branch
* 519221b more master branch commits
* c0ff015 master branch before rebasing conflicts
* 5efa380 more rebasing changes
* 62788a3 updated thanks section in humans.txt
* 0dffbd6 updating readme from master to test repasing
* 1309c16 (origin/master, origin/HEAD) updating .gitignore to excplude merge temp files
*   d391c0e fixing merge conflicts
|\
| * c53a9b0 making changes to simple.html
* | 5593c92 conflicting changes test
|/
*   39aa2b6 Merging changes from simple-changes branch
|\
| * fa76ce8 fixed spacing
* | cbfcdde fixed intro in readme
|/
* db808f3 Adding Noah to humans.txt
*   bfa4a3f Merge branch 'add-copyright'
|\
| * 3f6c917 adding copyright notice to readme
| * d3be850 adding copyright notice to simple.html
|/
* deb34f7 Changed title of simple.html
* 6fed407 added deployment section
* c11362c added readme
* 67d9515 adding this thing
* 5a898e9 addign gitignore file
* e17da00 deleting lvl1 and all children
* d2da79e deleted hipsumco.txt test file
* b0df0e1 deleting newfile.txt
* 024506e renaming lvl1 file
* 14290b5 moving the file back to lvl2
* 7b67d6f moving file from lvl2 to lvl3
* 8454170 renamed lvl2 file
* 76db7c2 renaming lvl3 file to lvl3-file
* 902bf57 recursive file add test
* 396ccfa more ipsum stuff
* 270fc05 adding "newfile.txt"
* bd7543d adding more ipsum text
* 4f77a10 first commit to new web project
*   4beb7f0 Merge pull request #6 from jasongtaylor/feature-readme
|\
| * e73f914 Adding Purpose section to README
| * 34f563b Adding README file
|/
* 5c05047 Copying files from initializr project zip file and then creating simple.html as basis for super simple pages

################################################################################
# rebasing samples - pull from remote with rebase
################################################################################
njwbu@DESKTOP-UKO6PO2 MINGW64 /e/git/projects/starter-web (big-trouble)
$ git rebase master
error: could not apply efb3bff... changes made in big-trouble branch
Resolve all conflicts manually, mark them as resolved with
"git add/rm <conflicted_files>", then run "git rebase --continue".
You can instead skip this commit: run "git rebase --skip".
To abort and get back to the state before "git rebase", run "git rebase --abort".
Could not apply efb3bff... changes made in big-trouble branch
Auto-merging simple.html
CONFLICT (content): Merge conflict in simple.html

njwbu@DESKTOP-UKO6PO2 MINGW64 /e/git/projects/starter-web (big-trouble|REBASE 1/1)
$ git mergetool
Merging:
simple.html

Normal merge conflict for 'simple.html':
  {local}: modified file
  {remote}: modified file
warning: CRLF will be replaced by LF in simple.html.
The file will have its original line endings in your working directory

njwbu@DESKTOP-UKO6PO2 MINGW64 /e/git/projects/starter-web (big-trouble|REBASE 1/1)
$ git status
interactive rebase in progress; onto 519221b
Last command done (1 command done):
   pick efb3bff changes made in big-trouble branch
No commands remaining.
You are currently rebasing branch 'big-trouble' on '519221b'.
  (all conflicts fixed: run "git rebase --continue")

Changes to be committed:
  (use "git restore --staged <file>..." to unstage)
        modified:   simple.html


njwbu@DESKTOP-UKO6PO2 MINGW64 /e/git/projects/starter-web (big-trouble|REBASE 1/1)
$ git add simple.html

njwbu@DESKTOP-UKO6PO2 MINGW64 /e/git/projects/starter-web (big-trouble|REBASE 1/1)
$ git rebase --continue
[detached HEAD 05f177d] changes made in big-trouble branch
 1 file changed, 1 insertion(+), 1 deletion(-)
Successfully rebased and updated refs/heads/big-trouble.

njwbu@DESKTOP-UKO6PO2 MINGW64 /e/git/projects/starter-web (big-trouble)
$ git log --oneline --graph --decorate --all
* 05f177d (HEAD -> big-trouble) changes made in big-trouble branch
* 519221b (master) more master branch commits
* c0ff015 master branch before rebasing conflicts
* 5efa380 more rebasing changes
* 62788a3 updated thanks section in humans.txt
* 0dffbd6 updating readme from master to test repasing
* 1309c16 (origin/master, origin/HEAD) updating .gitignore to excplude merge temp files
*   d391c0e fixing merge conflicts
|\
| * c53a9b0 making changes to simple.html
* | 5593c92 conflicting changes test
|/
*   39aa2b6 Merging changes from simple-changes branch
|\
| * fa76ce8 fixed spacing
* | cbfcdde fixed intro in readme
|/
* db808f3 Adding Noah to humans.txt
*   bfa4a3f Merge branch 'add-copyright'
|\
| * 3f6c917 adding copyright notice to readme
| * d3be850 adding copyright notice to simple.html
|/
* deb34f7 Changed title of simple.html
* 6fed407 added deployment section
* c11362c added readme
* 67d9515 adding this thing
* 5a898e9 addign gitignore file
* e17da00 deleting lvl1 and all children
* d2da79e deleted hipsumco.txt test file
* b0df0e1 deleting newfile.txt
* 024506e renaming lvl1 file
* 14290b5 moving the file back to lvl2
* 7b67d6f moving file from lvl2 to lvl3
* 8454170 renamed lvl2 file
* 76db7c2 renaming lvl3 file to lvl3-file
* 902bf57 recursive file add test
* 396ccfa more ipsum stuff
* 270fc05 adding "newfile.txt"
* bd7543d adding more ipsum text
* 4f77a10 first commit to new web project
*   4beb7f0 Merge pull request #6 from jasongtaylor/feature-readme
|\
| * e73f914 Adding Purpose section to README
| * 34f563b Adding README file
|/
* 5c05047 Copying files from initializr project zip file and then creating simple.html as basis for super simple pages

njwbu@DESKTOP-UKO6PO2 MINGW64 /e/git/projects/starter-web (big-trouble)
$ npp simple.html

njwbu@DESKTOP-UKO6PO2 MINGW64 /e/git/projects/starter-web (big-trouble)
$ git commit -am "changes after rebasing conflict"
warning: CRLF will be replaced by LF in simple.html.
The file will have its original line endings in your working directory
[big-trouble 13afeab] changes after rebasing conflict
 1 file changed, 1 insertion(+), 1 deletion(-)

njwbu@DESKTOP-UKO6PO2 MINGW64 /e/git/projects/starter-web (big-trouble)
$ git log --oneline --graph --decorate --all
* 13afeab (HEAD -> big-trouble) changes after rebasing conflict
* 05f177d changes made in big-trouble branch
* 519221b (master) more master branch commits
* c0ff015 master branch before rebasing conflicts
* 5efa380 more rebasing changes
* 62788a3 updated thanks section in humans.txt
* 0dffbd6 updating readme from master to test repasing
* 1309c16 (origin/master, origin/HEAD) updating .gitignore to excplude merge temp files
*   d391c0e fixing merge conflicts
|\
| * c53a9b0 making changes to simple.html
* | 5593c92 conflicting changes test
|/
*   39aa2b6 Merging changes from simple-changes branch
|\
| * fa76ce8 fixed spacing
* | cbfcdde fixed intro in readme
|/
* db808f3 Adding Noah to humans.txt
*   bfa4a3f Merge branch 'add-copyright'
|\
| * 3f6c917 adding copyright notice to readme
| * d3be850 adding copyright notice to simple.html
|/
* deb34f7 Changed title of simple.html
* 6fed407 added deployment section
* c11362c added readme
* 67d9515 adding this thing
* 5a898e9 addign gitignore file
* e17da00 deleting lvl1 and all children
* d2da79e deleted hipsumco.txt test file
* b0df0e1 deleting newfile.txt
* 024506e renaming lvl1 file
* 14290b5 moving the file back to lvl2
* 7b67d6f moving file from lvl2 to lvl3
* 8454170 renamed lvl2 file
* 76db7c2 renaming lvl3 file to lvl3-file
* 902bf57 recursive file add test
* 396ccfa more ipsum stuff
* 270fc05 adding "newfile.txt"
* bd7543d adding more ipsum text
* 4f77a10 first commit to new web project
*   4beb7f0 Merge pull request #6 from jasongtaylor/feature-readme
|\
| * e73f914 Adding Purpose section to README
| * 34f563b Adding README file
|/
* 5c05047 Copying files from initializr project zip file and then creating simple.html as basis for super simple pages

njwbu@DESKTOP-UKO6PO2 MINGW64 /e/git/projects/starter-web (big-trouble)
$ git checkout master
Switched to branch 'master'
Your branch is ahead of 'origin/master' by 5 commits.
  (use "git push" to publish your local commits)

njwbu@DESKTOP-UKO6PO2 MINGW64 /e/git/projects/starter-web (master)
$ git merge big-trouble
Updating 519221b..13afeab
Fast-forward
 simple.html | 4 ++--
 1 file changed, 2 insertions(+), 2 deletions(-)

njwbu@DESKTOP-UKO6PO2 MINGW64 /e/git/projects/starter-web (master)
$ git status
On branch master
Your branch is ahead of 'origin/master' by 7 commits.
  (use "git push" to publish your local commits)

nothing to commit, working tree clean

njwbu@DESKTOP-UKO6PO2 MINGW64 /e/git/projects/starter-web (master)
$ git hist
* 13afeab (HEAD -> master, big-trouble) changes after rebasing conflict
* 05f177d changes made in big-trouble branch
* 519221b more master branch commits
* c0ff015 master branch before rebasing conflicts
* 5efa380 more rebasing changes
* 62788a3 updated thanks section in humans.txt
* 0dffbd6 updating readme from master to test repasing
* 1309c16 (origin/master, origin/HEAD) updating .gitignore to excplude merge temp files
*   d391c0e fixing merge conflicts
|\
| * c53a9b0 making changes to simple.html
* | 5593c92 conflicting changes test
|/
*   39aa2b6 Merging changes from simple-changes branch
|\
| * fa76ce8 fixed spacing
* | cbfcdde fixed intro in readme
|/
* db808f3 Adding Noah to humans.txt
*   bfa4a3f Merge branch 'add-copyright'
|\
| * 3f6c917 adding copyright notice to readme
| * d3be850 adding copyright notice to simple.html
|/
* deb34f7 Changed title of simple.html
* 6fed407 added deployment section
* c11362c added readme
* 67d9515 adding this thing
* 5a898e9 addign gitignore file
* e17da00 deleting lvl1 and all children
* d2da79e deleted hipsumco.txt test file
* b0df0e1 deleting newfile.txt
* 024506e renaming lvl1 file
* 14290b5 moving the file back to lvl2
* 7b67d6f moving file from lvl2 to lvl3
* 8454170 renamed lvl2 file
* 76db7c2 renaming lvl3 file to lvl3-file
* 902bf57 recursive file add test
* 396ccfa more ipsum stuff
* 270fc05 adding "newfile.txt"
* bd7543d adding more ipsum text
* 4f77a10 first commit to new web project
*   4beb7f0 Merge pull request #6 from jasongtaylor/feature-readme
|\
| * e73f914 Adding Purpose section to README
| * 34f563b Adding README file
|/
* 5c05047 Copying files from initializr project zip file and then creating simple.html as basis for super simple pages

njwbu@DESKTOP-UKO6PO2 MINGW64 /e/git/projects/starter-web (master)
$ git status
On branch master
Your branch is ahead of 'origin/master' by 7 commits.
  (use "git push" to publish your local commits)

nothing to commit, working tree clean

njwbu@DESKTOP-UKO6PO2 MINGW64 /e/git/projects/starter-web (master)
$ git pull origin master
From https://github.com/whoisnoah/starter-web
 * branch            master     -> FETCH_HEAD
Already up to date.

njwbu@DESKTOP-UKO6PO2 MINGW64 /e/git/projects/starter-web (master)
$ git push origin master
Enumerating objects: 25, done.
Counting objects: 100% (25/25), done.
Delta compression using up to 4 threads
Compressing objects: 100% (21/21), done.
Writing objects: 100% (21/21), 1.95 KiB | 997.00 KiB/s, done.
Total 21 (delta 14), reused 0 (delta 0), pack-reused 0
remote: Resolving deltas: 100% (14/14), completed with 4 local objects.
To https://github.com/whoisnoah/starter-web.git
   1309c16..13afeab  master -> master

njwbu@DESKTOP-UKO6PO2 MINGW64 /e/git/projects/starter-web (master)
$ git status
On branch master
Your branch is up to date with 'origin/master'.

nothing to commit, working tree clean

njwbu@DESKTOP-UKO6PO2 MINGW64 /e/git/projects/starter-web (master)
$ git log --oneline --graph --decorate --all
* 13afeab (HEAD -> master, origin/master, origin/HEAD, big-trouble) changes after rebasing conflict
* 05f177d changes made in big-trouble branch
* 519221b more master branch commits
* c0ff015 master branch before rebasing conflicts
* 5efa380 more rebasing changes
* 62788a3 updated thanks section in humans.txt
* 0dffbd6 updating readme from master to test repasing
* 1309c16 updating .gitignore to excplude merge temp files
*   d391c0e fixing merge conflicts
|\
| * c53a9b0 making changes to simple.html
* | 5593c92 conflicting changes test
|/
*   39aa2b6 Merging changes from simple-changes branch
|\
| * fa76ce8 fixed spacing
* | cbfcdde fixed intro in readme
|/
* db808f3 Adding Noah to humans.txt
*   bfa4a3f Merge branch 'add-copyright'
|\
| * 3f6c917 adding copyright notice to readme
| * d3be850 adding copyright notice to simple.html
|/
* deb34f7 Changed title of simple.html
* 6fed407 added deployment section
* c11362c added readme
* 67d9515 adding this thing
* 5a898e9 addign gitignore file
* e17da00 deleting lvl1 and all children
* d2da79e deleted hipsumco.txt test file
* b0df0e1 deleting newfile.txt
* 024506e renaming lvl1 file
* 14290b5 moving the file back to lvl2
* 7b67d6f moving file from lvl2 to lvl3
* 8454170 renamed lvl2 file
* 76db7c2 renaming lvl3 file to lvl3-file
* 902bf57 recursive file add test
* 396ccfa more ipsum stuff
* 270fc05 adding "newfile.txt"
* bd7543d adding more ipsum text
* 4f77a10 first commit to new web project
*   4beb7f0 Merge pull request #6 from jasongtaylor/feature-readme
|\
| * e73f914 Adding Purpose section to README
| * 34f563b Adding README file
|/
* 5c05047 Copying files from initializr project zip file and then creating simple.html as basis for super simple pages

njwbu@DESKTOP-UKO6PO2 MINGW64 /e/git/projects/starter-web (master)
$ git branch -d big-trouble
Deleted branch big-trouble (was 13afeab).

njwbu@DESKTOP-UKO6PO2 MINGW64 /e/git/projects/starter-web (master)
$ npp simple.html

njwbu@DESKTOP-UKO6PO2 MINGW64 /e/git/projects/starter-web (master)
$ git commit -am "simple edit for pull with rebase test"
[master 9f0cf98] simple edit for pull with rebase test
 1 file changed, 2 insertions(+)

njwbu@DESKTOP-UKO6PO2 MINGW64 /e/git/projects/starter-web (master)
$ git status
On branch master
Your branch is ahead of 'origin/master' by 1 commit.
  (use "git push" to publish your local commits)

nothing to commit, working tree clean

njwbu@DESKTOP-UKO6PO2 MINGW64 /e/git/projects/starter-web (master)
$ git status
On branch master
Your branch is ahead of 'origin/master' by 1 commit.
  (use "git push" to publish your local commits)

nothing to commit, working tree clean

njwbu@DESKTOP-UKO6PO2 MINGW64 /e/git/projects/starter-web (master)
$ git fetch origin master
remote: Enumerating objects: 5, done.
remote: Counting objects: 100% (5/5), done.
remote: Compressing objects: 100% (3/3), done.
remote: Total 3 (delta 2), reused 0 (delta 0), pack-reused 0
Unpacking objects: 100% (3/3), 712 bytes | 1024 bytes/s, done.
From https://github.com/whoisnoah/starter-web
 * branch            master     -> FETCH_HEAD
   13afeab..91af3c4  master     -> origin/master

njwbu@DESKTOP-UKO6PO2 MINGW64 /e/git/projects/starter-web (master)
$ git status
On branch master
Your branch and 'origin/master' have diverged,
and have 1 and 1 different commits each, respectively.
  (use "git pull" to merge the remote branch into yours)

nothing to commit, working tree clean

njwbu@DESKTOP-UKO6PO2 MINGW64 /e/git/projects/starter-web (master)
$ git pull --rebase origin master
From https://github.com/whoisnoah/starter-web
 * branch            master     -> FETCH_HEAD
Successfully rebased and updated refs/heads/master.

njwbu@DESKTOP-UKO6PO2 MINGW64 /e/git/projects/starter-web (master)
$ git log --oneline --graph --decorate --all
* 4169652 (HEAD -> master) simple edit for pull with rebase test
* 91af3c4 (origin/master, origin/HEAD) Update index.html
* 91af3c4 (origin/master, origin/HEAD) Update index.html
* 91af3c4 (origin/master, origin/HEAD) Update index.html
* 13afeab changes after rebasing conflict
* 05f177d changes made in big-trouble branch
* 519221b more master branch commits
* c0ff015 master branch before rebasing conflicts
* 5efa380 more rebasing changes
* 62788a3 updated thanks section in humans.txt
* 0dffbd6 updating readme from master to test repasing
* 1309c16 updating .gitignore to excplude merge temp files
*   d391c0e fixing merge conflicts
|\
| * c53a9b0 making changes to simple.html
* | 5593c92 conflicting changes test
|/
*   39aa2b6 Merging changes from simple-changes branch
|\
| * fa76ce8 fixed spacing
* | cbfcdde fixed intro in readme
|/
* db808f3 Adding Noah to humans.txt
*   bfa4a3f Merge branch 'add-copyright'
|\
| * 3f6c917 adding copyright notice to readme
| * d3be850 adding copyright notice to simple.html
|/
* deb34f7 Changed title of simple.html
* 6fed407 added deployment section
* c11362c added readme
* 67d9515 adding this thing
* 5a898e9 addign gitignore file
* e17da00 deleting lvl1 and all children
* d2da79e deleted hipsumco.txt test file
* b0df0e1 deleting newfile.txt
* 024506e renaming lvl1 file
* 14290b5 moving the file back to lvl2
* 7b67d6f moving file from lvl2 to lvl3
* 8454170 renamed lvl2 file
* 76db7c2 renaming lvl3 file to lvl3-file
* 902bf57 recursive file add test
* 396ccfa more ipsum stuff
* 270fc05 adding "newfile.txt"
* bd7543d adding more ipsum text
* 4f77a10 first commit to new web project
*   4beb7f0 Merge pull request #6 from jasongtaylor/feature-readme
|\
| * e73f914 Adding Purpose section to README
| * 34f563b Adding README file
|/
* 5c05047 Copying files from initializr project zip file and then creating simple.html as basis for super simple pages


njwbu@DESKTOP-UKO6PO2 MINGW64 /e/git/projects/starter-web (master)
$ git status
On branch master
Your branch is ahead of 'origin/master' by 1 commit.
  (use "git push" to publish your local commits)

nothing to commit, working tree clean


